Error(E1337): Displaying a brief summary of what happened
