error[E1337]: Displaying a brief summary of what happened
   ╭╴resources/main.c╶─
   ·
 1 │ #include <stdio.h>
   ·           │ ││╰─┴─▶ Lorem ipsum dolor sit amet, consectetur adipiscing
   ·           │ ││      elit. Suspendisse semper hendrerit iaculis. Integer
   ·           │ ││      suscipit facilisis libero sed consectetur. Fusce turpis
   ·           │ ││      risus, elementum nec fermentum quis, ultricies a
   ·           │ ││      libero. Aliquam et nisi quis elit pulvinar vestibulum
   ·           │ ││      sit amet id est. Integer.
   ·           │ │╰─▶ Lorem ipsum dolor sit amet, consectetur adipiscing elit.
   ·           │ │    Suspendisse semper hendrerit iaculis. Integer suscipit
   ·           │ │    facilisis libero sed consectetur. Fusce turpis risus,
   ·           │ │    elementum nec fermentum quis, ultricies a libero. Aliquam
   ·           │ │    et nisi quis elit pulvinar vestibulum sit amet id est.
   ·           │ │    Integer.
   ·           ╰─┴─▶ Lorem ipsum dolor sit amet, consectetur adipiscing elit.
   ·                 Suspendisse semper hendrerit iaculis. Integer suscipit
   ·                 facilisis libero sed consectetur. Fusce turpis risus,
   ·                 elementum nec fermentum quis, ultricies a libero. Aliquam
   ·                 et nisi quis elit pulvinar vestibulum sit amet id est.
   ·                 Integer.
   · 
 3 │ int main() {
 4 │     printf("Hello World!\n");
   ·     │ ││││ │     ││╰──────┴─▶ Lorem ipsum dolor sit amet, consectetur
   ·     │ ││││ │     ││           adipiscing elit. Suspendisse semper hendrerit
   ·     │ ││││ │     ││           iaculis. Integer suscipit facilisis libero
   ·     │ ││││ │     ││           sed consectetur. Fusce turpis risus,
   ·     │ ││││ │     ││           elementum nec fermentum quis, ultricies a
   ·     │ ││││ │     ││           libero. Aliquam et nisi quis elit pulvinar
   ·     │ ││││ │     ││           vestibulum sit amet id est. Integer.
   ·     │ ││││ │     │╰─▶ Lorem ipsum dolor sit amet, consectetur adipiscing
   ·     │ ││││ │     │    elit. Suspendisse semper hendrerit iaculis. Integer
   ·     │ ││││ │     │    suscipit facilisis libero sed consectetur. Fusce
   ·     │ ││││ │     │    turpis risus, elementum nec fermentum quis, ultricies
   ·     │ ││││ │     │    a libero. Aliquam et nisi quis elit pulvinar
   ·     │ ││││ │     │    vestibulum sit amet id est. Integer.
   ·     │ ││││ ╰─────┴─▶ Lorem ipsum dolor sit amet, consectetur adipiscing
   ·     │ ││││           elit. Suspendisse semper hendrerit iaculis. Integer
   ·     │ ││││           suscipit facilisis libero sed consectetur. Fusce
   ·     │ ││││           turpis risus, elementum nec fermentum quis, ultricies
   ·     │ ││││           a libero. Aliquam et nisi quis elit pulvinar
   ·     │ ││││           vestibulum sit amet id est. Integer.
   ·     │ ││╰┴─▶ Lorem ipsum dolor sit amet, consectetur adipiscing elit.
   ·     │ ││     Suspendisse semper hendrerit iaculis. Integer suscipit
   ·     │ ││     facilisis libero sed consectetur. Fusce turpis risus,
   ·     │ ││     elementum nec fermentum quis, ultricies a libero. Aliquam et
   ·     │ ││     nisi quis elit pulvinar vestibulum sit amet id est. Integer.
   ·     │ │╰─▶ Lorem ipsum dolor sit amet, consectetur adipiscing elit.
   ·     │ │    Suspendisse semper hendrerit iaculis. Integer suscipit facilisis
   ·     │ │    libero sed consectetur. Fusce turpis risus, elementum nec
   ·     │ │    fermentum quis, ultricies a libero. Aliquam et nisi quis elit
   ·     │ │    pulvinar vestibulum sit amet id est. Integer.
   ·     ╰─┴─▶ Lorem ipsum dolor sit amet, consectetur adipiscing elit.
   ·           Suspendisse semper hendrerit iaculis. Integer suscipit facilisis
   ·           libero sed consectetur. Fusce turpis risus, elementum nec
   ·           fermentum quis, ultricies a libero. Aliquam et nisi quis elit
   ·           pulvinar vestibulum sit amet id est. Integer.
 5 │     return 0;
   · 
   │ Note: Lorem ipsum dolor sit amet, consectetur adipiscing elit.
   │       Suspendisse semper hendrerit iaculis. Integer suscipit facilisis
   │       libero sed consectetur. Fusce turpis risus, elementum nec fermentum
   │       quis, ultricies a libero. Aliquam et nisi quis elit pulvinar
   │       vestibulum sit amet id est. Integer.
   │ Help: Lorem ipsum dolor sit amet, consectetur adipiscing elit.
   │       Suspendisse semper hendrerit iaculis. Integer suscipit facilisis
   │       libero sed consectetur. Fusce turpis risus, elementum nec fermentum
   │       quis, ultricies a libero. Aliquam et nisi quis elit pulvinar
   │       vestibulum sit amet id est. Integer.
   ╯
